

================================================================
== Vivado HLS Report for 'bp_r'
================================================================
* Date:           Tue Nov 13 22:51:42 2018

* Version:        2018.2 (Build 2258646 on Thu Jun 14 20:25:20 MDT 2018)
* Project:        memcachedPipeline_prj
* Solution:       solution1
* Product family: virtex7
* Target device:  xc7vx690tffg1761-2


================================================================
== Performance Estimates
================================================================
+ Timing (ns): 
    * Summary: 
    +--------+-------+----------+------------+
    |  Clock | Target| Estimated| Uncertainty|
    +--------+-------+----------+------------+
    |ap_clk  |   6.66|     4.784|        0.83|
    +--------+-------+----------+------------+

+ Latency (clock cycles): 
    * Summary: 
    +-----+-----+-----+-----+----------+
    |  Latency  |  Interval | Pipeline |
    | min | max | min | max |   Type   |
    +-----+-----+-----+-----+----------+
    |    1|    1|    1|    1| function |
    +-----+-----+-----+-----+----------+

    + Detail: 
        * Instance: 
        N/A

        * Loop: 
        N/A



================================================================
== Utilization Estimates
================================================================
* Summary: 
+-----------------+---------+-------+--------+--------+
|       Name      | BRAM_18K| DSP48E|   FF   |   LUT  |
+-----------------+---------+-------+--------+--------+
|DSP              |        -|      -|       -|       -|
|Expression       |        -|      -|       0|     428|
|FIFO             |        -|      -|       -|       -|
|Instance         |        -|      -|       -|       -|
|Memory           |        -|      -|       -|       -|
|Multiplexer      |        -|      -|       -|     378|
|Register         |        -|      -|     809|       -|
+-----------------+---------+-------+--------+--------+
|Total            |        0|      0|     809|     806|
+-----------------+---------+-------+--------+--------+
|Available        |     2940|   3600|  866400|  433200|
+-----------------+---------+-------+--------+--------+
|Utilization (%)  |        0|      0|   ~0   |   ~0   |
+-----------------+---------+-------+--------+--------+

+ Detail: 
    * Instance: 
    N/A

    * DSP48: 
    N/A

    * Memory: 
    N/A

    * FIFO: 
    N/A

    * Expression: 
    +----------------------------------+----------+-------+---+-----+------------+------------+
    |           Variable Name          | Operation| DSP48E| FF| LUT | Bitwidth P0| Bitwidth P1|
    +----------------------------------+----------+-------+---+-----+------------+------------+
    |tmp_229_i_fu_573_p2               |     +    |      0|  0|   15|           5|           8|
    |tmp_232_i_fu_468_p2               |     +    |      0|  0|   15|           8|           5|
    |tmp_234_i_fu_605_p2               |     +    |      0|  0|   23|          16|           5|
    |tmp_236_i_fu_495_p2               |     +    |      0|  0|   23|          16|           5|
    |ap_condition_197                  |    and   |      0|  0|    2|           1|           1|
    |ap_condition_439                  |    and   |      0|  0|    2|           1|           1|
    |ap_predicate_op70_read_state1     |    and   |      0|  0|    2|           1|           1|
    |notlhs_i_fu_510_p2                |   icmp   |      0|  0|   11|           8|           1|
    |notrhs_i_fu_516_p2                |   icmp   |      0|  0|   13|          16|           1|
    |tmp_224_i_fu_450_p2               |   icmp   |      0|  0|   11|           8|           1|
    |tmp_225_i_fu_540_p2               |   icmp   |      0|  0|   11|           8|           1|
    |tmp_226_i_fu_456_p2               |   icmp   |      0|  0|   13|          16|           1|
    |tmp_227_i_fu_550_p2               |   icmp   |      0|  0|   11|           8|           4|
    |tmp_228_i_fu_567_p2               |   icmp   |      0|  0|   11|           8|           4|
    |tmp_230_i_fu_593_p2               |   icmp   |      0|  0|   11|           8|           1|
    |tmp_231_i_fu_462_p2               |   icmp   |      0|  0|   11|           8|           4|
    |tmp_233_i_fu_599_p2               |   icmp   |      0|  0|   13|          16|           4|
    |tmp_235_i_fu_489_p2               |   icmp   |      0|  0|   13|          16|           4|
    |tmp_i_fu_534_p2                   |   icmp   |      0|  0|   11|           8|           4|
    |ap_block_state1_pp0_stage0_iter0  |    or    |      0|  0|    2|           1|           1|
    |ap_block_state2_pp0_stage0_iter1  |    or    |      0|  0|    2|           1|           1|
    |ap_condition_110                  |    or    |      0|  0|    2|           1|           1|
    |ap_condition_302                  |    or    |      0|  0|    2|           1|           1|
    |ap_condition_333                  |    or    |      0|  0|    2|           1|           1|
    |ap_condition_342                  |    or    |      0|  0|    2|           1|           1|
    |ap_condition_383                  |    or    |      0|  0|    2|           1|           1|
    |ap_condition_418                  |    or    |      0|  0|    2|           1|           1|
    |ap_condition_471                  |    or    |      0|  0|    2|           1|           1|
    |ap_condition_490                  |    or    |      0|  0|    2|           1|           1|
    |ap_condition_61                   |    or    |      0|  0|    2|           1|           1|
    |ap_condition_78                   |    or    |      0|  0|    2|           1|           1|
    |ap_condition_99                   |    or    |      0|  0|    2|           1|           1|
    |ap_predicate_op106_write_state2   |    or    |      0|  0|    2|           1|           1|
    |ap_predicate_op97_write_state2    |    or    |      0|  0|    2|           1|           1|
    |or_cond_i_fu_522_p2               |    or    |      0|  0|    2|           1|           1|
    |storemerge23_i_fu_579_p3          |  select  |      0|  0|    8|           1|           1|
    |storemerge24_i_fu_474_p3          |  select  |      0|  0|    8|           1|           8|
    |storemerge25_i_fu_611_p3          |  select  |      0|  0|   16|           1|          16|
    |storemerge_i_fu_501_p3            |  select  |      0|  0|   16|           1|          16|
    |tmp_metadata_V_5_fu_680_p3        |  select  |      0|  0|  124|           1|           1|
    |not_bpr_wordCounter_s_fu_673_p2   |    xor   |      0|  0|    2|           1|           2|
    +----------------------------------+----------+-------+---+-----+------------+------------+
    |Total                             |          |      0|  0|  428|         198|         116|
    +----------------------------------+----------+-------+---+-----+------------+------------+

    * Multiplexer: 
    +---------------------------------------------------+----+-----------+-----+-----------+
    |                        Name                       | LUT| Input Size| Bits| Total Bits|
    +---------------------------------------------------+----+-----------+-----+-----------+
    |ap_NS_iter1_fsm                                    |  15|          3|    2|          6|
    |ap_done                                            |   9|          2|    1|          2|
    |ap_phi_mux_bpr_keyLength_load_4_phi_fu_202_p4      |  15|          3|    8|         24|
    |ap_phi_mux_bpr_opCode_load_3_i_phi_fu_232_p6       |  15|          3|    8|         24|
    |ap_phi_mux_bpr_valueLength_flag_phi_fu_253_p16     |  21|          4|    1|          4|
    |ap_phi_mux_bpr_valueLength_new_1_phi_fu_283_p16    |  15|          3|   16|         48|
    |ap_phi_mux_bpr_valueLength_new_s_phi_fu_244_p4     |  15|          3|   16|         48|
    |ap_phi_mux_bpr_wordCounter_V_fl_phi_fu_348_p4      |   9|          2|    1|          2|
    |ap_phi_mux_bpr_wordCounter_V_ne_phi_fu_359_p4      |   9|          2|    1|          2|
    |ap_phi_mux_tmp_237_i_phi_fu_223_p4                 |  15|          3|   16|         48|
    |ap_phi_mux_tmp_EOP_V_phi_fu_371_p4                 |   9|          2|    1|          2|
    |ap_phi_mux_tmp_valueValid_V_3_phi_fu_211_p4        |  15|          3|    1|          3|
    |ap_phi_reg_pp0_iter1_bpr_wordCounter_V_fl_reg_344  |   9|          2|    1|          2|
    |ap_phi_reg_pp0_iter1_bpr_wordCounter_V_ne_reg_355  |   9|          2|    1|          2|
    |ap_phi_reg_pp0_iter1_tempOutput_key_V_reg_379      |  15|          3|   64|        192|
    |ap_phi_reg_pp0_iter1_tmp_EOP_V_reg_367             |   9|          2|    1|          2|
    |ap_phi_reg_pp0_iter1_tmp_keyValid_V_reg_309        |  15|          3|    1|          3|
    |ap_phi_reg_pp0_iter1_tmp_key_V_8_reg_322           |  15|          3|   64|        192|
    |ap_phi_reg_pp0_iter1_tmp_valueValid_V_reg_390      |  15|          3|    1|          3|
    |ap_phi_reg_pp0_iter1_tmp_value_V_5_reg_333         |  15|          3|   64|        192|
    |ap_phi_reg_pp0_iter1_tmp_value_V_reg_403           |  15|          3|   64|        192|
    |binaryParserRearStat                               |  15|          3|    2|          6|
    |bpr_keyLength                                      |   9|          2|    8|         16|
    |keyBuffer_rp_V_V_blk_n                             |   9|          2|    1|          2|
    |metadataBuffer_rp_V_s_blk_n                        |   9|          2|    1|          2|
    |real_start                                         |   9|          2|    1|          2|
    |requestParser2hashTa_1_blk_n                       |   9|          2|    1|          2|
    |requestParser2hashTa_1_din                         |  15|          3|  256|        768|
    |tmp_valueValid_V_3_reg_208                         |  15|          3|    1|          3|
    |valueBuffer_rp_V_V_blk_n                           |   9|          2|    1|          2|
    +---------------------------------------------------+----+-----------+-----+-----------+
    |Total                                              | 378|         78|  605|       1796|
    +---------------------------------------------------+----+-----------+-----+-----------+

    * Register: 
    +---------------------------------------------------+-----+----+-----+-----------+
    |                        Name                       |  FF | LUT| Bits| Const Bits|
    +---------------------------------------------------+-----+----+-----+-----------+
    |ap_CS_iter0_fsm                                    |    1|   0|    1|          0|
    |ap_CS_iter1_fsm                                    |    2|   0|    2|          0|
    |ap_done_reg                                        |    1|   0|    1|          0|
    |ap_phi_reg_pp0_iter1_bpr_wordCounter_V_fl_reg_344  |    1|   0|    1|          0|
    |ap_phi_reg_pp0_iter1_bpr_wordCounter_V_ne_reg_355  |    1|   0|    1|          0|
    |ap_phi_reg_pp0_iter1_tempOutput_key_V_reg_379      |   64|   0|   64|          0|
    |ap_phi_reg_pp0_iter1_tmp_EOP_V_reg_367             |    1|   0|    1|          0|
    |ap_phi_reg_pp0_iter1_tmp_keyValid_V_reg_309        |    1|   0|    1|          0|
    |ap_phi_reg_pp0_iter1_tmp_key_V_8_reg_322           |   64|   0|   64|          0|
    |ap_phi_reg_pp0_iter1_tmp_valueValid_V_reg_390      |    1|   0|    1|          0|
    |ap_phi_reg_pp0_iter1_tmp_value_V_5_reg_333         |   64|   0|   64|          0|
    |ap_phi_reg_pp0_iter1_tmp_value_V_reg_403           |   64|   0|   64|          0|
    |binaryParserRearStat                               |    2|   0|    2|          0|
    |binaryParserRearStat_1_reg_733                     |    2|   0|    2|          0|
    |bpr_keyLength                                      |    8|   0|    8|          0|
    |bpr_opCode                                         |    8|   0|    8|          0|
    |bpr_valueLength                                    |   16|   0|   16|          0|
    |bpr_wordCounter_V                                  |    1|   0|    1|          0|
    |or_cond_i_reg_759                                  |    1|   0|    1|          0|
    |outMetadataBuffer_V                                |  248|   0|  248|          0|
    |p_Val2_28_reg_737                                  |  248|   0|  248|          0|
    |start_once_reg                                     |    1|   0|    1|          0|
    |tmp_224_i_reg_743                                  |    1|   0|    1|          0|
    |tmp_225_i_reg_771                                  |    1|   0|    1|          0|
    |tmp_226_i_reg_751                                  |    1|   0|    1|          0|
    |tmp_498_reg_767                                    |    1|   0|    1|          0|
    |tmp_499_reg_747                                    |    1|   0|    1|          0|
    |tmp_500_reg_775                                    |    1|   0|    1|          0|
    |tmp_502_reg_755                                    |    1|   0|    1|          0|
    |tmp_i_reg_763                                      |    1|   0|    1|          0|
    |tmp_valueValid_V_3_reg_208                         |    1|   0|    1|          0|
    +---------------------------------------------------+-----+----+-----+-----------+
    |Total                                              |  809|   0|  809|          0|
    +---------------------------------------------------+-----+----+-----+-----------+



================================================================
== Interface
================================================================
* Summary: 
+-------------------------------+-----+-----+------------+------------------------+--------------+
|           RTL Ports           | Dir | Bits|  Protocol  |      Source Object     |    C Type    |
+-------------------------------+-----+-----+------------+------------------------+--------------+
|ap_clk                         |  in |    1| ap_ctrl_hs |          bp_r          | return value |
|ap_rst                         |  in |    1| ap_ctrl_hs |          bp_r          | return value |
|ap_start                       |  in |    1| ap_ctrl_hs |          bp_r          | return value |
|start_full_n                   |  in |    1| ap_ctrl_hs |          bp_r          | return value |
|ap_done                        | out |    1| ap_ctrl_hs |          bp_r          | return value |
|ap_continue                    |  in |    1| ap_ctrl_hs |          bp_r          | return value |
|ap_idle                        | out |    1| ap_ctrl_hs |          bp_r          | return value |
|ap_ready                       | out |    1| ap_ctrl_hs |          bp_r          | return value |
|start_out                      | out |    1| ap_ctrl_hs |          bp_r          | return value |
|start_write                    | out |    1| ap_ctrl_hs |          bp_r          | return value |
|keyBuffer_rp_V_V_dout          |  in |   64|   ap_fifo  |    keyBuffer_rp_V_V    |    pointer   |
|keyBuffer_rp_V_V_empty_n       |  in |    1|   ap_fifo  |    keyBuffer_rp_V_V    |    pointer   |
|keyBuffer_rp_V_V_read          | out |    1|   ap_fifo  |    keyBuffer_rp_V_V    |    pointer   |
|valueBuffer_rp_V_V_dout        |  in |   64|   ap_fifo  |   valueBuffer_rp_V_V   |    pointer   |
|valueBuffer_rp_V_V_empty_n     |  in |    1|   ap_fifo  |   valueBuffer_rp_V_V   |    pointer   |
|valueBuffer_rp_V_V_read        | out |    1|   ap_fifo  |   valueBuffer_rp_V_V   |    pointer   |
|metadataBuffer_rp_V_s_dout     |  in |  248|   ap_fifo  |  metadataBuffer_rp_V_s |    pointer   |
|metadataBuffer_rp_V_s_empty_n  |  in |    1|   ap_fifo  |  metadataBuffer_rp_V_s |    pointer   |
|metadataBuffer_rp_V_s_read     | out |    1|   ap_fifo  |  metadataBuffer_rp_V_s |    pointer   |
|requestParser2hashTa_1_din     | out |  256|   ap_fifo  | requestParser2hashTa_1 |    pointer   |
|requestParser2hashTa_1_full_n  |  in |    1|   ap_fifo  | requestParser2hashTa_1 |    pointer   |
|requestParser2hashTa_1_write   | out |    1|   ap_fifo  | requestParser2hashTa_1 |    pointer   |
+-------------------------------+-----+-----+------------+------------------------+--------------+

