

================================================================
== Vivado HLS Report for 'flashReceiveNoFilter'
================================================================
* Date:           Fri Nov  9 23:11:44 2018

* Version:        2018.2 (Build 2258646 on Thu Jun 14 20:25:20 MDT 2018)
* Project:        memcachedPipeline_prj
* Solution:       solution1
* Product family: virtex7
* Target device:  xc7vx690tffg1761-2


================================================================
== Performance Estimates
================================================================
+ Timing (ns): 
    * Summary: 
    +--------+-------+----------+------------+
    |  Clock | Target| Estimated| Uncertainty|
    +--------+-------+----------+------------+
    |ap_clk  |   6.66|     4.550|        0.83|
    +--------+-------+----------+------------+

+ Latency (clock cycles): 
    * Summary: 
    +-----+-----+-----+-----+----------+
    |  Latency  |  Interval | Pipeline |
    | min | max | min | max |   Type   |
    +-----+-----+-----+-----+----------+
    |    1|    1|    1|    1| function |
    +-----+-----+-----+-----+----------+

    + Detail: 
        * Instance: 
        N/A

        * Loop: 
        N/A



================================================================
== Utilization Estimates
================================================================
* Summary: 
+-----------------+---------+-------+--------+--------+
|       Name      | BRAM_18K| DSP48E|   FF   |   LUT  |
+-----------------+---------+-------+--------+--------+
|DSP              |        -|      -|       -|       -|
|Expression       |        -|      -|       0|     123|
|FIFO             |        -|      -|       -|       -|
|Instance         |        -|      -|       -|       -|
|Memory           |        -|      -|       -|       -|
|Multiplexer      |        -|      -|       -|      78|
|Register         |        -|      -|      99|       -|
+-----------------+---------+-------+--------+--------+
|Total            |        0|      0|      99|     201|
+-----------------+---------+-------+--------+--------+
|Available        |     2940|   3600|  866400|  433200|
+-----------------+---------+-------+--------+--------+
|Utilization (%)  |        0|      0|   ~0   |   ~0   |
+-----------------+---------+-------+--------+--------+

+ Detail: 
    * Instance: 
    N/A

    * DSP48: 
    N/A

    * Memory: 
    N/A

    * FIFO: 
    N/A

    * Expression: 
    +----------------------------------+----------+-------+---+----+------------+------------+
    |           Variable Name          | Operation| DSP48E| FF| LUT| Bitwidth P0| Bitwidth P1|
    +----------------------------------+----------+-------+---+----+------------+------------+
    |tmp_236_i_fu_148_p2               |     +    |      0|  0|  23|          16|           5|
    |tmp_238_i_fu_114_p2               |     +    |      0|  0|  23|          16|           5|
    |tmp_239_i_fu_184_p2               |     +    |      0|  0|  15|           8|           1|
    |ap_condition_108                  |    and   |      0|  0|   2|           1|           1|
    |ap_condition_157                  |    and   |      0|  0|   2|           1|           1|
    |ap_condition_162                  |    and   |      0|  0|   2|           1|           1|
    |ap_condition_171                  |    and   |      0|  0|   2|           1|           1|
    |ap_predicate_op15_read_state1     |    and   |      0|  0|   2|           1|           1|
    |ap_predicate_op29_write_state2    |    and   |      0|  0|   2|           1|           1|
    |ap_predicate_op36_write_state2    |    and   |      0|  0|   2|           1|           1|
    |ap_predicate_op9_read_state1      |    and   |      0|  0|   2|           1|           1|
    |icmp_fu_142_p2                    |   icmp   |      0|  0|  13|          13|           1|
    |tmp_237_i_fu_168_p2               |   icmp   |      0|  0|  13|          16|           1|
    |ap_block_state1_pp0_stage0_iter0  |    or    |      0|  0|   2|           1|           1|
    |ap_block_state2_pp0_stage0_iter1  |    or    |      0|  0|   2|           1|           1|
    |storemerge_i_fu_154_p3            |  select  |      0|  0|  16|           1|          16|
    +----------------------------------+----------+-------+---+----+------------+------------+
    |Total                             |          |      0|  0| 123|          80|          39|
    +----------------------------------+----------+-------+---+----+------------+------------+

    * Multiplexer: 
    +----------------------------+----+-----------+-----+-----------+
    |            Name            | LUT| Input Size| Bits| Total Bits|
    +----------------------------+----+-----------+-----+-----------+
    |ap_NS_iter1_fsm             |  15|          3|    2|          6|
    |ap_done                     |   9|          2|    1|          2|
    |flashGetPath2remux_V_blk_n  |   9|          2|    1|          2|
    |flash_Disp2rec_V_V_blk_n    |   9|          2|    1|          2|
    |getCounter_1                |   9|          2|    8|         16|
    |getValueLength_V            |   9|          2|   16|         32|
    |memRdData_V_V_TDATA_blk_n   |   9|          2|    1|          2|
    |real_start                  |   9|          2|    1|          2|
    +----------------------------+----+-----------+-----+-----------+
    |Total                       |  78|         17|   31|         64|
    +----------------------------+----+-----------+-----+-----------+

    * Register: 
    +----------------------------+----+----+-----+-----------+
    |            Name            | FF | LUT| Bits| Const Bits|
    +----------------------------+----+----+-----+-----------+
    |ap_CS_iter0_fsm             |   1|   0|    1|          0|
    |ap_CS_iter1_fsm             |   2|   0|    2|          0|
    |ap_done_reg                 |   1|   0|    1|          0|
    |flashGetState               |   1|   0|    1|          0|
    |flashGetState_load_reg_202  |   1|   0|    1|          0|
    |getCounter_1                |   8|   0|    8|          0|
    |getValueLength_V            |  16|   0|   16|          0|
    |reg_101                     |  64|   0|   64|          0|
    |start_once_reg              |   1|   0|    1|          0|
    |tmp_237_i_reg_218           |   1|   0|    1|          0|
    |tmp_468_reg_206             |   1|   0|    1|          0|
    |tmp_470_reg_210             |   1|   0|    1|          0|
    |tmp_reg_214                 |   1|   0|    1|          0|
    +----------------------------+----+----+-----+-----------+
    |Total                       |  99|   0|   99|          0|
    +----------------------------+----+----+-----+-----------+



================================================================
== Interface
================================================================
* Summary: 
+-----------------------------+-----+-----+------------+----------------------+--------------+
|          RTL Ports          | Dir | Bits|  Protocol  |     Source Object    |    C Type    |
+-----------------------------+-----+-----+------------+----------------------+--------------+
|ap_clk                       |  in |    1| ap_ctrl_hs | flashReceiveNoFilter | return value |
|ap_rst                       |  in |    1| ap_ctrl_hs | flashReceiveNoFilter | return value |
|ap_start                     |  in |    1| ap_ctrl_hs | flashReceiveNoFilter | return value |
|start_full_n                 |  in |    1| ap_ctrl_hs | flashReceiveNoFilter | return value |
|ap_done                      | out |    1| ap_ctrl_hs | flashReceiveNoFilter | return value |
|ap_continue                  |  in |    1| ap_ctrl_hs | flashReceiveNoFilter | return value |
|ap_idle                      | out |    1| ap_ctrl_hs | flashReceiveNoFilter | return value |
|ap_ready                     | out |    1| ap_ctrl_hs | flashReceiveNoFilter | return value |
|start_out                    | out |    1| ap_ctrl_hs | flashReceiveNoFilter | return value |
|start_write                  | out |    1| ap_ctrl_hs | flashReceiveNoFilter | return value |
|flash_Disp2rec_V_V_dout      |  in |   16|   ap_fifo  |  flash_Disp2rec_V_V  |    pointer   |
|flash_Disp2rec_V_V_empty_n   |  in |    1|   ap_fifo  |  flash_Disp2rec_V_V  |    pointer   |
|flash_Disp2rec_V_V_read      | out |    1|   ap_fifo  |  flash_Disp2rec_V_V  |    pointer   |
|memRdData_V_V_TVALID         |  in |    1|    axis    |     memRdData_V_V    |    pointer   |
|memRdData_V_V_TDATA          |  in |   64|    axis    |     memRdData_V_V    |    pointer   |
|memRdData_V_V_TREADY         | out |    1|    axis    |     memRdData_V_V    |    pointer   |
|flashGetPath2remux_V_din     | out |   64|   ap_fifo  | flashGetPath2remux_V |    pointer   |
|flashGetPath2remux_V_full_n  |  in |    1|   ap_fifo  | flashGetPath2remux_V |    pointer   |
|flashGetPath2remux_V_write   | out |    1|   ap_fifo  | flashGetPath2remux_V |    pointer   |
+-----------------------------+-----+-----+------------+----------------------+--------------+

