

================================================================
== Vivado HLS Report for 'flashDispatch'
================================================================
* Date:           Fri Nov  9 23:11:43 2018

* Version:        2018.2 (Build 2258646 on Thu Jun 14 20:25:20 MDT 2018)
* Project:        memcachedPipeline_prj
* Solution:       solution1
* Product family: virtex7
* Target device:  xc7vx690tffg1761-2


================================================================
== Performance Estimates
================================================================
+ Timing (ns): 
    * Summary: 
    +--------+-------+----------+------------+
    |  Clock | Target| Estimated| Uncertainty|
    +--------+-------+----------+------------+
    |ap_clk  |   6.66|     2.391|        0.83|
    +--------+-------+----------+------------+

+ Latency (clock cycles): 
    * Summary: 
    +-----+-----+-----+-----+----------+
    |  Latency  |  Interval | Pipeline |
    | min | max | min | max |   Type   |
    +-----+-----+-----+-----+----------+
    |    2|    2|    1|    1| function |
    +-----+-----+-----+-----+----------+

    + Detail: 
        * Instance: 
        N/A

        * Loop: 
        N/A



================================================================
== Utilization Estimates
================================================================
* Summary: 
+-----------------+---------+-------+--------+--------+
|       Name      | BRAM_18K| DSP48E|   FF   |   LUT  |
+-----------------+---------+-------+--------+--------+
|DSP              |        -|      -|       -|       -|
|Expression       |        -|      -|       0|      66|
|FIFO             |        -|      -|       -|       -|
|Instance         |        -|      -|       -|       -|
|Memory           |        -|      -|       -|       -|
|Multiplexer      |        -|      -|       -|      90|
|Register         |        -|      -|     169|       -|
+-----------------+---------+-------+--------+--------+
|Total            |        0|      0|     169|     156|
+-----------------+---------+-------+--------+--------+
|Available        |     2940|   3600|  866400|  433200|
+-----------------+---------+-------+--------+--------+
|Utilization (%)  |        0|      0|   ~0   |   ~0   |
+-----------------+---------+-------+--------+--------+

+ Detail: 
    * Instance: 
    N/A

    * DSP48: 
    N/A

    * Memory: 
    N/A

    * FIFO: 
    N/A

    * Expression: 
    +----------------------------------+----------+-------+---+----+------------+------------+
    |           Variable Name          | Operation| DSP48E| FF| LUT| Bitwidth P0| Bitwidth P1|
    +----------------------------------+----------+-------+---+----+------------+------------+
    |tmp_80_i_fu_120_p2                |     +    |      0|  0|  20|           1|          13|
    |ap_block_state2_io                |    and   |      0|  0|   2|           1|           1|
    |ap_block_state2_pp0_stage0_iter1  |    and   |      0|  0|   2|           1|           1|
    |ap_block_state3_io                |    and   |      0|  0|   2|           1|           1|
    |memRdCmd_V_1_load_A               |    and   |      0|  0|   2|           1|           1|
    |memRdCmd_V_1_load_B               |    and   |      0|  0|   2|           1|           1|
    |memRdCmd_V_1_state_cmp_full       |   icmp   |      0|  0|   8|           2|           1|
    |tmp_242_i_fu_115_p2               |   icmp   |      0|  0|  13|          16|          16|
    |ap_block_state1_pp0_stage0_iter0  |    or    |      0|  0|   2|           1|           1|
    |getCtrlWord_count_V_fu_125_p3     |  select  |      0|  0|  13|           1|          13|
    +----------------------------------+----------+-------+---+----+------------+------------+
    |Total                             |          |      0|  0|  66|          26|          49|
    +----------------------------------+----------+-------+---+----+------------+------------+

    * Multiplexer: 
    +----------------------------+----+-----------+-----+-----------+
    |            Name            | LUT| Input Size| Bits| Total Bits|
    +----------------------------+----+-----------+-----+-----------+
    |ap_NS_iter1_fsm             |  15|          3|    2|          6|
    |ap_NS_iter2_fsm             |  15|          3|    2|          6|
    |ap_done                     |   9|          2|    1|          2|
    |flashDemux2getPath_V_blk_n  |   9|          2|    1|          2|
    |flash_Disp2rec_V_V_blk_n    |   9|          2|    1|          2|
    |memRdCmd_V_1_data_out       |   9|          2|   48|         96|
    |memRdCmd_V_1_state          |  15|          3|    2|          6|
    |memRdCmd_V_TDATA_blk_n      |   9|          2|    1|          2|
    +----------------------------+----+-----------+-----+-----------+
    |Total                       |  90|         19|   58|        122|
    +----------------------------+----+-----------+-----+-----------+

    * Register: 
    +-------------------------------+----+----+-----+-----------+
    |              Name             | FF | LUT| Bits| Const Bits|
    +-------------------------------+----+----+-----+-----------+
    |ap_CS_iter0_fsm                |   1|   0|    1|          0|
    |ap_CS_iter1_fsm                |   2|   0|    2|          0|
    |ap_CS_iter2_fsm                |   2|   0|    2|          0|
    |ap_done_reg                    |   1|   0|    1|          0|
    |getCtrlWord_address_s_reg_148  |  32|   0|   32|          0|
    |memRdCmd_V_1_payload_A         |  48|   0|   48|          0|
    |memRdCmd_V_1_payload_B         |  48|   0|   48|          0|
    |memRdCmd_V_1_sel_rd            |   1|   0|    1|          0|
    |memRdCmd_V_1_sel_wr            |   1|   0|    1|          0|
    |memRdCmd_V_1_state             |   2|   0|    2|          0|
    |tmp_V_reg_153                  |  16|   0|   16|          0|
    |tmp_reg_144                    |   1|   0|    1|          0|
    |tmp_reg_144_pp0_iter1_reg      |   1|   0|    1|          0|
    |tmp_s_reg_159                  |  13|   0|   13|          0|
    +-------------------------------+----+----+-----+-----------+
    |Total                          | 169|   0|  169|          0|
    +-------------------------------+----+----+-----+-----------+



================================================================
== Interface
================================================================
* Summary: 
+------------------------------+-----+-----+------------+----------------------+--------------+
|           RTL Ports          | Dir | Bits|  Protocol  |     Source Object    |    C Type    |
+------------------------------+-----+-----+------------+----------------------+--------------+
|ap_clk                        |  in |    1| ap_ctrl_hs |     flashDispatch    | return value |
|ap_rst                        |  in |    1| ap_ctrl_hs |     flashDispatch    | return value |
|ap_start                      |  in |    1| ap_ctrl_hs |     flashDispatch    | return value |
|ap_done                       | out |    1| ap_ctrl_hs |     flashDispatch    | return value |
|ap_continue                   |  in |    1| ap_ctrl_hs |     flashDispatch    | return value |
|ap_idle                       | out |    1| ap_ctrl_hs |     flashDispatch    | return value |
|ap_ready                      | out |    1| ap_ctrl_hs |     flashDispatch    | return value |
|flashDemux2getPath_V_dout     |  in |   48|   ap_fifo  | flashDemux2getPath_V |    pointer   |
|flashDemux2getPath_V_empty_n  |  in |    1|   ap_fifo  | flashDemux2getPath_V |    pointer   |
|flashDemux2getPath_V_read     | out |    1|   ap_fifo  | flashDemux2getPath_V |    pointer   |
|flash_Disp2rec_V_V_din        | out |   16|   ap_fifo  |  flash_Disp2rec_V_V  |    pointer   |
|flash_Disp2rec_V_V_full_n     |  in |    1|   ap_fifo  |  flash_Disp2rec_V_V  |    pointer   |
|flash_Disp2rec_V_V_write      | out |    1|   ap_fifo  |  flash_Disp2rec_V_V  |    pointer   |
|memRdCmd_V_TREADY             |  in |    1|    axis    |      memRdCmd_V      |    pointer   |
|memRdCmd_V_TDATA              | out |   48|    axis    |      memRdCmd_V      |    pointer   |
|memRdCmd_V_TVALID             | out |    1|    axis    |      memRdCmd_V      |    pointer   |
+------------------------------+-----+-----+------------+----------------------+--------------+

