

================================================================
== Vivado HLS Report for 'ht_outputLogic'
================================================================
* Date:           Fri Nov  9 23:11:12 2018

* Version:        2018.2 (Build 2258646 on Thu Jun 14 20:25:20 MDT 2018)
* Project:        memcachedPipeline_prj
* Solution:       solution1
* Product family: virtex7
* Target device:  xc7vx690tffg1761-2


================================================================
== Performance Estimates
================================================================
+ Timing (ns): 
    * Summary: 
    +--------+-------+----------+------------+
    |  Clock | Target| Estimated| Uncertainty|
    +--------+-------+----------+------------+
    |ap_clk  |   6.66|     5.974|        0.83|
    +--------+-------+----------+------------+

+ Latency (clock cycles): 
    * Summary: 
    +-----+-----+-----+-----+----------+
    |  Latency  |  Interval | Pipeline |
    | min | max | min | max |   Type   |
    +-----+-----+-----+-----+----------+
    |    1|    1|    1|    1| function |
    +-----+-----+-----+-----+----------+

    + Detail: 
        * Instance: 
        N/A

        * Loop: 
        N/A



================================================================
== Utilization Estimates
================================================================
* Summary: 
+-----------------+---------+-------+--------+--------+
|       Name      | BRAM_18K| DSP48E|   FF   |   LUT  |
+-----------------+---------+-------+--------+--------+
|DSP              |        -|      -|       -|       -|
|Expression       |        -|      -|       0|     324|
|FIFO             |        -|      -|       -|       -|
|Instance         |        -|      -|       -|       -|
|Memory           |        -|      -|       -|       -|
|Multiplexer      |        -|      -|       -|     462|
|Register         |        -|      -|     851|       -|
+-----------------+---------+-------+--------+--------+
|Total            |        0|      0|     851|     786|
+-----------------+---------+-------+--------+--------+
|Available        |     2940|   3600|  866400|  433200|
+-----------------+---------+-------+--------+--------+
|Utilization (%)  |        0|      0|   ~0   |   ~0   |
+-----------------+---------+-------+--------+--------+

+ Detail: 
    * Instance: 
    N/A

    * DSP48: 
    N/A

    * Memory: 
    N/A

    * FIFO: 
    N/A

    * Expression: 
    +----------------------------------+----------+-------+---+----+------------+------------+
    |           Variable Name          | Operation| DSP48E| FF| LUT| Bitwidth P0| Bitwidth P1|
    +----------------------------------+----------+-------+---+----+------------+------------+
    |grp_fu_470_p2                     |     +    |      0|  0|  15|           8|           5|
    |grp_fu_490_p2                     |     +    |      0|  0|  23|          16|           5|
    |tmp_142_i_fu_698_p2               |     +    |      0|  0|  23|          16|           5|
    |tmp_148_i_fu_724_p2               |     +    |      0|  0|  15|           8|           5|
    |ap_condition_276                  |    and   |      0|  0|   2|           1|           1|
    |ap_condition_617                  |    and   |      0|  0|   2|           1|           1|
    |ap_predicate_op78_read_state1     |    and   |      0|  0|   2|           1|           1|
    |not_tmp_EOP_V_i_demo_fu_593_p2    |    and   |      0|  0|   2|           1|           1|
    |or_cond1_i_fu_559_p2              |    and   |      0|  0|   2|           1|           1|
    |tmp_EOP_V_fu_587_p2               |    and   |      0|  0|   2|           1|           1|
    |grp_fu_455_p2                     |   icmp   |      0|  0|  11|           8|           1|
    |grp_fu_460_p2                     |   icmp   |      0|  0|  13|          16|           1|
    |grp_fu_465_p2                     |   icmp   |      0|  0|  11|           8|           4|
    |grp_fu_485_p2                     |   icmp   |      0|  0|  13|          16|           4|
    |tmp_135_i_fu_654_p2               |   icmp   |      0|  0|  11|           8|           1|
    |tmp_138_i_fu_660_p2               |   icmp   |      0|  0|  11|           8|           1|
    |tmp_141_i_fu_692_p2               |   icmp   |      0|  0|  13|          16|           4|
    |tmp_147_i_fu_718_p2               |   icmp   |      0|  0|  11|           8|           4|
    |tmp_152_i_fu_547_p2               |   icmp   |      0|  0|  13|          16|           1|
    |tmp_153_i_fu_553_p2               |   icmp   |      0|  0|  11|           8|           1|
    |tmp_155_i_fu_575_p2               |   icmp   |      0|  0|  13|          16|           1|
    |tmp_156_i_fu_581_p2               |   icmp   |      0|  0|  11|           8|           1|
    |ap_block_state1_pp0_stage0_iter0  |    or    |      0|  0|   2|           1|           1|
    |ap_block_state2_pp0_stage0_iter1  |    or    |      0|  0|   2|           1|           1|
    |ap_condition_101                  |    or    |      0|  0|   2|           1|           1|
    |ap_condition_110                  |    or    |      0|  0|   2|           1|           1|
    |ap_condition_119                  |    or    |      0|  0|   2|           1|           1|
    |ap_condition_151                  |    or    |      0|  0|   2|           1|           1|
    |ap_condition_162                  |    or    |      0|  0|   2|           1|           1|
    |ap_condition_436                  |    or    |      0|  0|   2|           1|           1|
    |ap_condition_440                  |    or    |      0|  0|   2|           1|           1|
    |ap_condition_455                  |    or    |      0|  0|   2|           1|           1|
    |ap_condition_476                  |    or    |      0|  0|   2|           1|           1|
    |ap_condition_486                  |    or    |      0|  0|   2|           1|           1|
    |ap_condition_502                  |    or    |      0|  0|   2|           1|           1|
    |ap_condition_514                  |    or    |      0|  0|   2|           1|           1|
    |ap_condition_61                   |    or    |      0|  0|   2|           1|           1|
    |ap_condition_635                  |    or    |      0|  0|   2|           1|           1|
    |ap_condition_647                  |    or    |      0|  0|   2|           1|           1|
    |ap_condition_78                   |    or    |      0|  0|   2|           1|           1|
    |ap_predicate_op128_write_state2   |    or    |      0|  0|   2|           1|           1|
    |ap_predicate_op133_write_state2   |    or    |      0|  0|   2|           1|           1|
    |ap_predicate_op141_write_state2   |    or    |      0|  0|   2|           1|           1|
    |grp_fu_475_p3                     |  select  |      0|  0|   8|           1|           8|
    |grp_fu_495_p3                     |  select  |      0|  0|  16|           1|          16|
    |storemerge12_cast_i_fu_605_p3     |  select  |      0|  0|   2|           1|           2|
    |storemerge_i_fu_704_p3            |  select  |      0|  0|  16|           1|          16|
    |tmp_218_i_fu_730_p3               |  select  |      0|  0|   8|           1|           8|
    |not_tmp_EOP_V_i_fu_599_p2         |    xor   |      0|  0|   2|           1|           2|
    +----------------------------------+----------+-------+---+----+------------+------------+
    |Total                             |          |      0|  0| 324|         217|         123|
    +----------------------------------+----------+-------+---+----+------------+------------+

    * Multiplexer: 
    +-------------------------------------------------+----+-----------+-----+-----------+
    |                       Name                      | LUT| Input Size| Bits| Total Bits|
    +-------------------------------------------------+----+-----------+-----+-----------+
    |ap_NS_iter1_fsm                                  |  15|          3|    2|          6|
    |ap_done                                          |   9|          2|    1|          2|
    |ap_phi_mux_ol_keyLength_V_flag_s_phi_fu_257_p26  |  27|          5|    1|          5|
    |ap_phi_mux_ol_keyLength_V_load_1_phi_fu_200_p4   |  15|          3|    8|         24|
    |ap_phi_mux_ol_keyLength_V_load_s_phi_fu_230_p4   |  15|          3|    8|         24|
    |ap_phi_mux_ol_keyLength_V_new_7_phi_fu_302_p26   |  27|          5|    8|         40|
    |ap_phi_mux_ol_keyLength_V_new_i_phi_fu_248_p4    |  15|          3|    8|         24|
    |ap_phi_mux_tmp_151_i_phi_fu_209_p4               |  15|          3|   16|         48|
    |ap_phi_mux_tmp_154_i_phi_fu_239_p4               |  15|          3|   16|         48|
    |ap_phi_mux_tmp_keyValid_V_3_phi_fu_188_p4        |  15|          3|    1|          3|
    |ap_phi_mux_tmp_keyValid_V_phi_fu_218_p4          |  15|          3|    1|          3|
    |ap_phi_reg_pp0_iter1_p_Val2_20_reg_424           |  15|          3|  128|        384|
    |ap_phi_reg_pp0_iter1_tmp_EOP_V_6_reg_376         |  15|          3|    1|          3|
    |ap_phi_reg_pp0_iter1_tmp_key_V_6_reg_389         |  15|          3|   64|        192|
    |ap_phi_reg_pp0_iter1_tmp_key_V_7_reg_341         |  15|          3|   64|        192|
    |ap_phi_reg_pp0_iter1_tmp_key_V_reg_444           |  15|          3|   64|        192|
    |ap_phi_reg_pp0_iter1_tmp_valueValid_V_2_reg_363  |  15|          3|    1|          3|
    |ap_phi_reg_pp0_iter1_tmp_valueValid_V_reg_411    |  15|          3|    1|          3|
    |ap_phi_reg_pp0_iter1_tmp_value_V_3_reg_400       |  15|          3|   64|        192|
    |ap_phi_reg_pp0_iter1_tmp_value_V_4_reg_352       |  15|          3|   64|        192|
    |ap_phi_reg_pp0_iter1_tmp_value_V_reg_433         |  15|          3|   64|        192|
    |hashKeyBuffer_V_V_blk_n                          |   9|          2|    1|          2|
    |hashMdBuffer_V_V_blk_n                           |   9|          2|    1|          2|
    |hashTable2splitter_V_blk_n                       |   9|          2|    1|          2|
    |hashTable2splitter_V_din                         |  21|          4|  256|       1024|
    |hashValueBuffer_V_V_blk_n                        |   9|          2|    1|          2|
    |memWr2out_V_blk_n                                |   9|          2|    1|          2|
    |olState                                          |  15|          3|    2|          6|
    |ol_valueLength_V                                 |   9|          2|   16|         32|
    |real_start                                       |   9|          2|    1|          2|
    |tmp_keyValid_V_3_reg_185                         |  15|          3|    1|          3|
    |tmp_keyValid_V_reg_215                           |  15|          3|    1|          3|
    +-------------------------------------------------+----+-----------+-----+-----------+
    |Total                                            | 462|         93|  867|       2852|
    +-------------------------------------------------+----+-----------+-----+-----------+

    * Register: 
    +-------------------------------------------------+-----+----+-----+-----------+
    |                       Name                      |  FF | LUT| Bits| Const Bits|
    +-------------------------------------------------+-----+----+-----+-----------+
    |ap_CS_iter0_fsm                                  |    1|   0|    1|          0|
    |ap_CS_iter1_fsm                                  |    2|   0|    2|          0|
    |ap_done_reg                                      |    1|   0|    1|          0|
    |ap_phi_reg_pp0_iter1_p_Val2_20_reg_424           |  128|   0|  128|          0|
    |ap_phi_reg_pp0_iter1_tmp_EOP_V_6_reg_376         |    1|   0|    1|          0|
    |ap_phi_reg_pp0_iter1_tmp_key_V_6_reg_389         |   64|   0|   64|          0|
    |ap_phi_reg_pp0_iter1_tmp_key_V_7_reg_341         |   64|   0|   64|          0|
    |ap_phi_reg_pp0_iter1_tmp_key_V_reg_444           |   64|   0|   64|          0|
    |ap_phi_reg_pp0_iter1_tmp_valueValid_V_2_reg_363  |    1|   0|    1|          0|
    |ap_phi_reg_pp0_iter1_tmp_valueValid_V_reg_411    |    1|   0|    1|          0|
    |ap_phi_reg_pp0_iter1_tmp_value_V_3_reg_400       |   64|   0|   64|          0|
    |ap_phi_reg_pp0_iter1_tmp_value_V_4_reg_352       |   64|   0|   64|          0|
    |ap_phi_reg_pp0_iter1_tmp_value_V_reg_433         |   64|   0|   64|          0|
    |olState                                          |    2|   0|    2|          0|
    |olState_load_reg_824                             |    2|   0|    2|          0|
    |ol_keyLength_V                                   |    8|   0|    8|          0|
    |ol_valueLength_V                                 |   16|   0|   16|          0|
    |outputWord_metadata_s_reg_867                    |  124|   0|  124|          0|
    |p_Result_25_reg_913                              |   32|   0|   32|          0|
    |start_once_reg                                   |    1|   0|    1|          0|
    |tmp_134_i_reg_851                                |    1|   0|    1|          0|
    |tmp_135_i_reg_897                                |    1|   0|    1|          0|
    |tmp_136_i_reg_836                                |    1|   0|    1|          0|
    |tmp_137_i_reg_859                                |    1|   0|    1|          0|
    |tmp_138_i_reg_905                                |    1|   0|    1|          0|
    |tmp_349_reg_847                                  |    1|   0|    1|          0|
    |tmp_350_reg_881                                  |    1|   0|    1|          0|
    |tmp_351_reg_832                                  |    1|   0|    1|          0|
    |tmp_352_reg_885                                  |    1|   0|    1|          0|
    |tmp_354_reg_855                                  |    1|   0|    1|          0|
    |tmp_355_reg_901                                  |    1|   0|    1|          0|
    |tmp_356_reg_840                                  |    1|   0|    1|          0|
    |tmp_357_reg_863                                  |    1|   0|    1|          0|
    |tmp_358_reg_909                                  |    1|   0|    1|          0|
    |tmp_EOP_V_reg_872                                |    1|   0|    1|          0|
    |tmp_V_reg_890                                    |  128|   0|  128|          0|
    |tmp_i_reg_828                                    |    1|   0|    1|          0|
    |tmp_keyValid_V_3_reg_185                         |    1|   0|    1|          0|
    |tmp_keyValid_V_reg_215                           |    1|   0|    1|          0|
    |tmp_reg_877                                      |    1|   0|    1|          0|
    +-------------------------------------------------+-----+----+-----+-----------+
    |Total                                            |  851|   0|  851|          0|
    +-------------------------------------------------+-----+----+-----+-----------+



================================================================
== Interface
================================================================
* Summary: 
+-----------------------------+-----+-----+--------------+----------------------+--------------+
|          RTL Ports          | Dir | Bits|   Protocol   |     Source Object    |    C Type    |
+-----------------------------+-----+-----+--------------+----------------------+--------------+
|ap_clk                       |  in |    1| ap_ctrl_none |    ht_outputLogic    | return value |
|ap_rst                       |  in |    1| ap_ctrl_none |    ht_outputLogic    | return value |
|ap_start                     |  in |    1| ap_ctrl_none |    ht_outputLogic    | return value |
|start_full_n                 |  in |    1| ap_ctrl_none |    ht_outputLogic    | return value |
|ap_done                      | out |    1| ap_ctrl_none |    ht_outputLogic    | return value |
|ap_continue                  |  in |    1| ap_ctrl_none |    ht_outputLogic    | return value |
|ap_idle                      | out |    1| ap_ctrl_none |    ht_outputLogic    | return value |
|ap_ready                     | out |    1| ap_ctrl_none |    ht_outputLogic    | return value |
|start_out                    | out |    1| ap_ctrl_none |    ht_outputLogic    | return value |
|start_write                  | out |    1| ap_ctrl_none |    ht_outputLogic    | return value |
|hashKeyBuffer_V_V_dout       |  in |   64|    ap_fifo   |   hashKeyBuffer_V_V  |    pointer   |
|hashKeyBuffer_V_V_empty_n    |  in |    1|    ap_fifo   |   hashKeyBuffer_V_V  |    pointer   |
|hashKeyBuffer_V_V_read       | out |    1|    ap_fifo   |   hashKeyBuffer_V_V  |    pointer   |
|hashValueBuffer_V_V_dout     |  in |   64|    ap_fifo   |  hashValueBuffer_V_V |    pointer   |
|hashValueBuffer_V_V_empty_n  |  in |    1|    ap_fifo   |  hashValueBuffer_V_V |    pointer   |
|hashValueBuffer_V_V_read     | out |    1|    ap_fifo   |  hashValueBuffer_V_V |    pointer   |
|hashMdBuffer_V_V_dout        |  in |  128|    ap_fifo   |   hashMdBuffer_V_V   |    pointer   |
|hashMdBuffer_V_V_empty_n     |  in |    1|    ap_fifo   |   hashMdBuffer_V_V   |    pointer   |
|hashMdBuffer_V_V_read        | out |    1|    ap_fifo   |   hashMdBuffer_V_V   |    pointer   |
|memWr2out_V_dout             |  in |   57|    ap_fifo   |      memWr2out_V     |    pointer   |
|memWr2out_V_empty_n          |  in |    1|    ap_fifo   |      memWr2out_V     |    pointer   |
|memWr2out_V_read             | out |    1|    ap_fifo   |      memWr2out_V     |    pointer   |
|hashTable2splitter_V_din     | out |  256|    ap_fifo   | hashTable2splitter_V |    pointer   |
|hashTable2splitter_V_full_n  |  in |    1|    ap_fifo   | hashTable2splitter_V |    pointer   |
|hashTable2splitter_V_write   | out |    1|    ap_fifo   | hashTable2splitter_V |    pointer   |
+-----------------------------+-----+-----+--------------+----------------------+--------------+

