

================================================================
== Vivado HLS Report for 'ht_outputLogic'
================================================================
* Date:           Tue Nov 13 22:52:22 2018

* Version:        2018.2 (Build 2258646 on Thu Jun 14 20:25:20 MDT 2018)
* Project:        memcachedPipeline_prj
* Solution:       solution1
* Product family: virtex7
* Target device:  xc7vx690tffg1761-2


================================================================
== Performance Estimates
================================================================
+ Timing (ns): 
    * Summary: 
    +--------+-------+----------+------------+
    |  Clock | Target| Estimated| Uncertainty|
    +--------+-------+----------+------------+
    |ap_clk  |   6.66|     5.974|        0.83|
    +--------+-------+----------+------------+

+ Latency (clock cycles): 
    * Summary: 
    +-----+-----+-----+-----+----------+
    |  Latency  |  Interval | Pipeline |
    | min | max | min | max |   Type   |
    +-----+-----+-----+-----+----------+
    |    1|    1|    1|    1| function |
    +-----+-----+-----+-----+----------+

    + Detail: 
        * Instance: 
        N/A

        * Loop: 
        N/A



================================================================
== Utilization Estimates
================================================================
* Summary: 
+-----------------+---------+-------+--------+--------+
|       Name      | BRAM_18K| DSP48E|   FF   |   LUT  |
+-----------------+---------+-------+--------+--------+
|DSP              |        -|      -|       -|       -|
|Expression       |        -|      -|       0|     324|
|FIFO             |        -|      -|       -|       -|
|Instance         |        -|      -|       -|       -|
|Memory           |        -|      -|       -|       -|
|Multiplexer      |        -|      -|       -|     462|
|Register         |        -|      -|     851|       -|
+-----------------+---------+-------+--------+--------+
|Total            |        0|      0|     851|     786|
+-----------------+---------+-------+--------+--------+
|Available        |     2940|   3600|  866400|  433200|
+-----------------+---------+-------+--------+--------+
|Utilization (%)  |        0|      0|   ~0   |   ~0   |
+-----------------+---------+-------+--------+--------+

+ Detail: 
    * Instance: 
    N/A

    * DSP48: 
    N/A

    * Memory: 
    N/A

    * FIFO: 
    N/A

    * Expression: 
    +----------------------------------+----------+-------+---+----+------------+------------+
    |           Variable Name          | Operation| DSP48E| FF| LUT| Bitwidth P0| Bitwidth P1|
    +----------------------------------+----------+-------+---+----+------------+------------+
    |grp_fu_528_p2                     |     +    |      0|  0|  15|           8|           5|
    |grp_fu_548_p2                     |     +    |      0|  0|  23|          16|           5|
    |tmp_142_i_fu_756_p2               |     +    |      0|  0|  23|          16|           5|
    |tmp_148_i_fu_782_p2               |     +    |      0|  0|  15|           8|           5|
    |ap_condition_276                  |    and   |      0|  0|   2|           1|           1|
    |ap_condition_617                  |    and   |      0|  0|   2|           1|           1|
    |ap_predicate_op78_read_state1     |    and   |      0|  0|   2|           1|           1|
    |not_tmp_EOP_V_i_demo_fu_651_p2    |    and   |      0|  0|   2|           1|           1|
    |or_cond1_i_fu_617_p2              |    and   |      0|  0|   2|           1|           1|
    |tmp_EOP_V_fu_645_p2               |    and   |      0|  0|   2|           1|           1|
    |grp_fu_513_p2                     |   icmp   |      0|  0|  11|           8|           1|
    |grp_fu_518_p2                     |   icmp   |      0|  0|  13|          16|           1|
    |grp_fu_523_p2                     |   icmp   |      0|  0|  11|           8|           4|
    |grp_fu_543_p2                     |   icmp   |      0|  0|  13|          16|           4|
    |tmp_135_i_fu_712_p2               |   icmp   |      0|  0|  11|           8|           1|
    |tmp_138_i_fu_718_p2               |   icmp   |      0|  0|  11|           8|           1|
    |tmp_141_i_fu_750_p2               |   icmp   |      0|  0|  13|          16|           4|
    |tmp_147_i_fu_776_p2               |   icmp   |      0|  0|  11|           8|           4|
    |tmp_152_i_fu_605_p2               |   icmp   |      0|  0|  13|          16|           1|
    |tmp_153_i_fu_611_p2               |   icmp   |      0|  0|  11|           8|           1|
    |tmp_155_i_fu_633_p2               |   icmp   |      0|  0|  13|          16|           1|
    |tmp_156_i_fu_639_p2               |   icmp   |      0|  0|  11|           8|           1|
    |ap_block_state1_pp0_stage0_iter0  |    or    |      0|  0|   2|           1|           1|
    |ap_block_state2_pp0_stage0_iter1  |    or    |      0|  0|   2|           1|           1|
    |ap_condition_101                  |    or    |      0|  0|   2|           1|           1|
    |ap_condition_110                  |    or    |      0|  0|   2|           1|           1|
    |ap_condition_119                  |    or    |      0|  0|   2|           1|           1|
    |ap_condition_151                  |    or    |      0|  0|   2|           1|           1|
    |ap_condition_162                  |    or    |      0|  0|   2|           1|           1|
    |ap_condition_436                  |    or    |      0|  0|   2|           1|           1|
    |ap_condition_440                  |    or    |      0|  0|   2|           1|           1|
    |ap_condition_455                  |    or    |      0|  0|   2|           1|           1|
    |ap_condition_476                  |    or    |      0|  0|   2|           1|           1|
    |ap_condition_486                  |    or    |      0|  0|   2|           1|           1|
    |ap_condition_502                  |    or    |      0|  0|   2|           1|           1|
    |ap_condition_514                  |    or    |      0|  0|   2|           1|           1|
    |ap_condition_61                   |    or    |      0|  0|   2|           1|           1|
    |ap_condition_635                  |    or    |      0|  0|   2|           1|           1|
    |ap_condition_647                  |    or    |      0|  0|   2|           1|           1|
    |ap_condition_78                   |    or    |      0|  0|   2|           1|           1|
    |ap_predicate_op128_write_state2   |    or    |      0|  0|   2|           1|           1|
    |ap_predicate_op133_write_state2   |    or    |      0|  0|   2|           1|           1|
    |ap_predicate_op141_write_state2   |    or    |      0|  0|   2|           1|           1|
    |grp_fu_533_p3                     |  select  |      0|  0|   8|           1|           8|
    |grp_fu_553_p3                     |  select  |      0|  0|  16|           1|          16|
    |storemerge12_cast_i_fu_663_p3     |  select  |      0|  0|   2|           1|           2|
    |storemerge_i_fu_762_p3            |  select  |      0|  0|  16|           1|          16|
    |tmp_218_i_fu_788_p3               |  select  |      0|  0|   8|           1|           8|
    |not_tmp_EOP_V_i_fu_657_p2         |    xor   |      0|  0|   2|           1|           2|
    +----------------------------------+----------+-------+---+----+------------+------------+
    |Total                             |          |      0|  0| 324|         217|         123|
    +----------------------------------+----------+-------+---+----+------------+------------+

    * Multiplexer: 
    +-------------------------------------------------+----+-----------+-----+-----------+
    |                       Name                      | LUT| Input Size| Bits| Total Bits|
    +-------------------------------------------------+----+-----------+-----+-----------+
    |ap_NS_iter1_fsm                                  |  15|          3|    2|          6|
    |ap_done                                          |   9|          2|    1|          2|
    |ap_phi_mux_ol_keyLength_V_flag_s_phi_fu_315_p26  |  27|          5|    1|          5|
    |ap_phi_mux_ol_keyLength_V_load_1_phi_fu_258_p4   |  15|          3|    8|         24|
    |ap_phi_mux_ol_keyLength_V_load_s_phi_fu_288_p4   |  15|          3|    8|         24|
    |ap_phi_mux_ol_keyLength_V_new_7_phi_fu_360_p26   |  27|          5|    8|         40|
    |ap_phi_mux_ol_keyLength_V_new_i_phi_fu_306_p4    |  15|          3|    8|         24|
    |ap_phi_mux_tmp_151_i_phi_fu_267_p4               |  15|          3|   16|         48|
    |ap_phi_mux_tmp_154_i_phi_fu_297_p4               |  15|          3|   16|         48|
    |ap_phi_mux_tmp_keyValid_V_3_phi_fu_246_p4        |  15|          3|    1|          3|
    |ap_phi_mux_tmp_keyValid_V_phi_fu_276_p4          |  15|          3|    1|          3|
    |ap_phi_reg_pp0_iter1_p_Val2_20_reg_482           |  15|          3|  128|        384|
    |ap_phi_reg_pp0_iter1_tmp_EOP_V_5_reg_434         |  15|          3|    1|          3|
    |ap_phi_reg_pp0_iter1_tmp_key_V_6_reg_447         |  15|          3|   64|        192|
    |ap_phi_reg_pp0_iter1_tmp_key_V_7_reg_399         |  15|          3|   64|        192|
    |ap_phi_reg_pp0_iter1_tmp_key_V_reg_502           |  15|          3|   64|        192|
    |ap_phi_reg_pp0_iter1_tmp_valueValid_V_2_reg_421  |  15|          3|    1|          3|
    |ap_phi_reg_pp0_iter1_tmp_valueValid_V_reg_469    |  15|          3|    1|          3|
    |ap_phi_reg_pp0_iter1_tmp_value_V_3_reg_458       |  15|          3|   64|        192|
    |ap_phi_reg_pp0_iter1_tmp_value_V_4_reg_410       |  15|          3|   64|        192|
    |ap_phi_reg_pp0_iter1_tmp_value_V_reg_491         |  15|          3|   64|        192|
    |hashKeyBuffer_V_V_blk_n                          |   9|          2|    1|          2|
    |hashMdBuffer_V_V_blk_n                           |   9|          2|    1|          2|
    |hashTable2Dram_V_blk_n                           |   9|          2|    1|          2|
    |hashTable2Dram_V_din                             |  21|          4|  256|       1024|
    |hashValueBuffer_V_V_blk_n                        |   9|          2|    1|          2|
    |memWr2out_V_blk_n                                |   9|          2|    1|          2|
    |olState                                          |  15|          3|    2|          6|
    |ol_valueLength_V                                 |   9|          2|   16|         32|
    |real_start                                       |   9|          2|    1|          2|
    |tmp_keyValid_V_3_reg_243                         |  15|          3|    1|          3|
    |tmp_keyValid_V_reg_273                           |  15|          3|    1|          3|
    +-------------------------------------------------+----+-----------+-----+-----------+
    |Total                                            | 462|         93|  867|       2852|
    +-------------------------------------------------+----+-----------+-----+-----------+

    * Register: 
    +-------------------------------------------------+-----+----+-----+-----------+
    |                       Name                      |  FF | LUT| Bits| Const Bits|
    +-------------------------------------------------+-----+----+-----+-----------+
    |ap_CS_iter0_fsm                                  |    1|   0|    1|          0|
    |ap_CS_iter1_fsm                                  |    2|   0|    2|          0|
    |ap_done_reg                                      |    1|   0|    1|          0|
    |ap_phi_reg_pp0_iter1_p_Val2_20_reg_482           |  128|   0|  128|          0|
    |ap_phi_reg_pp0_iter1_tmp_EOP_V_5_reg_434         |    1|   0|    1|          0|
    |ap_phi_reg_pp0_iter1_tmp_key_V_6_reg_447         |   64|   0|   64|          0|
    |ap_phi_reg_pp0_iter1_tmp_key_V_7_reg_399         |   64|   0|   64|          0|
    |ap_phi_reg_pp0_iter1_tmp_key_V_reg_502           |   64|   0|   64|          0|
    |ap_phi_reg_pp0_iter1_tmp_valueValid_V_2_reg_421  |    1|   0|    1|          0|
    |ap_phi_reg_pp0_iter1_tmp_valueValid_V_reg_469    |    1|   0|    1|          0|
    |ap_phi_reg_pp0_iter1_tmp_value_V_3_reg_458       |   64|   0|   64|          0|
    |ap_phi_reg_pp0_iter1_tmp_value_V_4_reg_410       |   64|   0|   64|          0|
    |ap_phi_reg_pp0_iter1_tmp_value_V_reg_491         |   64|   0|   64|          0|
    |olState                                          |    2|   0|    2|          0|
    |olState_load_reg_882                             |    2|   0|    2|          0|
    |ol_keyLength_V                                   |    8|   0|    8|          0|
    |ol_valueLength_V                                 |   16|   0|   16|          0|
    |outputWord_metadata_s_reg_925                    |  124|   0|  124|          0|
    |p_Result_25_reg_971                              |   32|   0|   32|          0|
    |start_once_reg                                   |    1|   0|    1|          0|
    |tmp_134_i_reg_909                                |    1|   0|    1|          0|
    |tmp_135_i_reg_955                                |    1|   0|    1|          0|
    |tmp_136_i_reg_894                                |    1|   0|    1|          0|
    |tmp_137_i_reg_917                                |    1|   0|    1|          0|
    |tmp_138_i_reg_963                                |    1|   0|    1|          0|
    |tmp_344_reg_905                                  |    1|   0|    1|          0|
    |tmp_345_reg_939                                  |    1|   0|    1|          0|
    |tmp_346_reg_890                                  |    1|   0|    1|          0|
    |tmp_347_reg_943                                  |    1|   0|    1|          0|
    |tmp_349_reg_913                                  |    1|   0|    1|          0|
    |tmp_350_reg_959                                  |    1|   0|    1|          0|
    |tmp_351_reg_898                                  |    1|   0|    1|          0|
    |tmp_352_reg_921                                  |    1|   0|    1|          0|
    |tmp_353_reg_967                                  |    1|   0|    1|          0|
    |tmp_EOP_V_reg_930                                |    1|   0|    1|          0|
    |tmp_V_reg_948                                    |  128|   0|  128|          0|
    |tmp_i_reg_886                                    |    1|   0|    1|          0|
    |tmp_keyValid_V_3_reg_243                         |    1|   0|    1|          0|
    |tmp_keyValid_V_reg_273                           |    1|   0|    1|          0|
    |tmp_reg_935                                      |    1|   0|    1|          0|
    +-------------------------------------------------+-----+----+-----+-----------+
    |Total                                            |  851|   0|  851|          0|
    +-------------------------------------------------+-----+----+-----+-----------+



================================================================
== Interface
================================================================
* Summary: 
+-----------------------------+-----+-----+--------------+---------------------+--------------+
|          RTL Ports          | Dir | Bits|   Protocol   |    Source Object    |    C Type    |
+-----------------------------+-----+-----+--------------+---------------------+--------------+
|ap_clk                       |  in |    1| ap_ctrl_none |    ht_outputLogic   | return value |
|ap_rst                       |  in |    1| ap_ctrl_none |    ht_outputLogic   | return value |
|ap_start                     |  in |    1| ap_ctrl_none |    ht_outputLogic   | return value |
|start_full_n                 |  in |    1| ap_ctrl_none |    ht_outputLogic   | return value |
|ap_done                      | out |    1| ap_ctrl_none |    ht_outputLogic   | return value |
|ap_continue                  |  in |    1| ap_ctrl_none |    ht_outputLogic   | return value |
|ap_idle                      | out |    1| ap_ctrl_none |    ht_outputLogic   | return value |
|ap_ready                     | out |    1| ap_ctrl_none |    ht_outputLogic   | return value |
|start_out                    | out |    1| ap_ctrl_none |    ht_outputLogic   | return value |
|start_write                  | out |    1| ap_ctrl_none |    ht_outputLogic   | return value |
|hashKeyBuffer_V_V_dout       |  in |   64|    ap_fifo   |  hashKeyBuffer_V_V  |    pointer   |
|hashKeyBuffer_V_V_empty_n    |  in |    1|    ap_fifo   |  hashKeyBuffer_V_V  |    pointer   |
|hashKeyBuffer_V_V_read       | out |    1|    ap_fifo   |  hashKeyBuffer_V_V  |    pointer   |
|hashValueBuffer_V_V_dout     |  in |   64|    ap_fifo   | hashValueBuffer_V_V |    pointer   |
|hashValueBuffer_V_V_empty_n  |  in |    1|    ap_fifo   | hashValueBuffer_V_V |    pointer   |
|hashValueBuffer_V_V_read     | out |    1|    ap_fifo   | hashValueBuffer_V_V |    pointer   |
|hashMdBuffer_V_V_dout        |  in |  128|    ap_fifo   |   hashMdBuffer_V_V  |    pointer   |
|hashMdBuffer_V_V_empty_n     |  in |    1|    ap_fifo   |   hashMdBuffer_V_V  |    pointer   |
|hashMdBuffer_V_V_read        | out |    1|    ap_fifo   |   hashMdBuffer_V_V  |    pointer   |
|memWr2out_V_dout             |  in |   57|    ap_fifo   |     memWr2out_V     |    pointer   |
|memWr2out_V_empty_n          |  in |    1|    ap_fifo   |     memWr2out_V     |    pointer   |
|memWr2out_V_read             | out |    1|    ap_fifo   |     memWr2out_V     |    pointer   |
|hashTable2Dram_V_din         | out |  256|    ap_fifo   |   hashTable2Dram_V  |    pointer   |
|hashTable2Dram_V_full_n      |  in |    1|    ap_fifo   |   hashTable2Dram_V  |    pointer   |
|hashTable2Dram_V_write       | out |    1|    ap_fifo   |   hashTable2Dram_V  |    pointer   |
+-----------------------------+-----+-----+--------------+---------------------+--------------+

