

================================================================
== Vivado HLS Report for 'response_f'
================================================================
* Date:           Tue Nov 13 22:52:59 2018

* Version:        2018.2 (Build 2258646 on Thu Jun 14 20:25:20 MDT 2018)
* Project:        memcachedPipeline_prj
* Solution:       solution1
* Product family: virtex7
* Target device:  xc7vx690tffg1761-2


================================================================
== Performance Estimates
================================================================
+ Timing (ns): 
    * Summary: 
    +--------+-------+----------+------------+
    |  Clock | Target| Estimated| Uncertainty|
    +--------+-------+----------+------------+
    |ap_clk  |   6.66|     4.782|        0.83|
    +--------+-------+----------+------------+

+ Latency (clock cycles): 
    * Summary: 
    +-----+-----+-----+-----+----------+
    |  Latency  |  Interval | Pipeline |
    | min | max | min | max |   Type   |
    +-----+-----+-----+-----+----------+
    |    0|    0|    1|    1| function |
    +-----+-----+-----+-----+----------+

    + Detail: 
        * Instance: 
        N/A

        * Loop: 
        N/A



================================================================
== Utilization Estimates
================================================================
* Summary: 
+-----------------+---------+-------+--------+--------+
|       Name      | BRAM_18K| DSP48E|   FF   |   LUT  |
+-----------------+---------+-------+--------+--------+
|DSP              |        -|      -|       -|       -|
|Expression       |        -|      -|       0|      50|
|FIFO             |        -|      -|       -|       -|
|Instance         |        -|      -|       -|       -|
|Memory           |        -|      -|       -|       -|
|Multiplexer      |        -|      -|       -|     105|
|Register         |        -|      -|     253|       -|
+-----------------+---------+-------+--------+--------+
|Total            |        0|      0|     253|     155|
+-----------------+---------+-------+--------+--------+
|Available        |     2940|   3600|  866400|  433200|
+-----------------+---------+-------+--------+--------+
|Utilization (%)  |        0|      0|   ~0   |   ~0   |
+-----------------+---------+-------+--------+--------+

+ Detail: 
    * Instance: 
    N/A

    * DSP48: 
    N/A

    * Memory: 
    N/A

    * FIFO: 
    N/A

    * Expression: 
    +---------------------------------+----------+-------+---+----+------------+------------+
    |          Variable Name          | Operation| DSP48E| FF| LUT| Bitwidth P0| Bitwidth P1|
    +---------------------------------+----------+-------+---+----+------------+------------+
    |tmp_54_i_fu_289_p2               |     +    |      0|  0|  10|           2|           1|
    |ap_condition_141                 |    and   |      0|  0|   2|           1|           1|
    |ap_condition_238                 |    and   |      0|  0|   2|           1|           1|
    |ap_condition_239                 |    and   |      0|  0|   2|           1|           1|
    |ap_condition_88                  |    and   |      0|  0|   2|           1|           1|
    |ap_predicate_op12_read_state1    |    and   |      0|  0|   2|           1|           1|
    |ap_predicate_op30_write_state1   |    and   |      0|  0|   2|           1|           1|
    |ap_predicate_op37_write_state1   |    and   |      0|  0|   2|           1|           1|
    |ap_predicate_op45_write_state1   |    and   |      0|  0|   2|           1|           1|
    |or_cond_i_fu_246_p2              |    and   |      0|  0|   2|           1|           1|
    |tmp_53_i_fu_283_p2               |   icmp   |      0|  0|   8|           2|           1|
    |tmp_i_fu_240_p2                  |   icmp   |      0|  0|   8|           2|           1|
    |ap_block_state1                  |    or    |      0|  0|   2|           1|           1|
    |p_inWordCounter_V_fla_fu_296_p2  |    or    |      0|  0|   2|           1|           1|
    |p_inWordCounter_V_new_fu_303_p3  |  select  |      0|  0|   2|           1|           1|
    +---------------------------------+----------+-------+---+----+------------+------------+
    |Total                            |          |      0|  0|  50|          18|          15|
    +---------------------------------+----------+-------+---+----+------------+------------+

    * Multiplexer: 
    +-------------------------------------------------+----+-----------+-----+-----------+
    |                       Name                      | LUT| Input Size| Bits| Total Bits|
    +-------------------------------------------------+----+-----------+-----+-----------+
    |ap_done                                          |   9|          2|    1|          2|
    |ap_phi_mux_inWordCounter_V_flag_1_phi_fu_174_p6  |  21|          4|    1|          4|
    |ap_phi_mux_inWordCounter_V_flag_phi_fu_153_p4    |  15|          3|    1|          3|
    |ap_phi_mux_inWordCounter_V_new_1_phi_fu_187_p6   |  15|          3|    2|          6|
    |bf_metadataTempBuffe                             |   9|          2|  248|        496|
    |metadataBuffer_rf_V_s_blk_n                      |   9|          2|    1|          2|
    |real_start                                       |   9|          2|    1|          2|
    |valueBuffer_rf_V_V_blk_n                         |   9|          2|    1|          2|
    |valueStoreDram2merge_1_blk_n                     |   9|          2|    1|          2|
    +-------------------------------------------------+----+-----------+-----+-----------+
    |Total                                            | 105|         22|  257|        519|
    +-------------------------------------------------+----+-----------+-----+-----------+

    * Register: 
    +----------------------+-----+----+-----+-----------+
    |         Name         |  FF | LUT| Bits| Const Bits|
    +----------------------+-----+----+-----+-----------+
    |ap_CS_fsm             |    1|   0|    1|          0|
    |ap_done_reg           |    1|   0|    1|          0|
    |bf_metadataTempBuffe  |  248|   0|  248|          0|
    |inWordCounter_V       |    2|   0|    2|          0|
    |start_once_reg        |    1|   0|    1|          0|
    +----------------------+-----+----+-----+-----------+
    |Total                 |  253|   0|  253|          0|
    +----------------------+-----+----+-----+-----------+



================================================================
== Interface
================================================================
* Summary: 
+--------------------------------+-----+-----+------------+------------------------+--------------+
|            RTL Ports           | Dir | Bits|  Protocol  |      Source Object     |    C Type    |
+--------------------------------+-----+-----+------------+------------------------+--------------+
|ap_clk                          |  in |    1| ap_ctrl_hs |       response_f       | return value |
|ap_rst                          |  in |    1| ap_ctrl_hs |       response_f       | return value |
|ap_start                        |  in |    1| ap_ctrl_hs |       response_f       | return value |
|start_full_n                    |  in |    1| ap_ctrl_hs |       response_f       | return value |
|ap_done                         | out |    1| ap_ctrl_hs |       response_f       | return value |
|ap_continue                     |  in |    1| ap_ctrl_hs |       response_f       | return value |
|ap_idle                         | out |    1| ap_ctrl_hs |       response_f       | return value |
|ap_ready                        | out |    1| ap_ctrl_hs |       response_f       | return value |
|start_out                       | out |    1| ap_ctrl_hs |       response_f       | return value |
|start_write                     | out |    1| ap_ctrl_hs |       response_f       | return value |
|valueBuffer_rf_V_V_din          | out |   64|   ap_fifo  |   valueBuffer_rf_V_V   |    pointer   |
|valueBuffer_rf_V_V_full_n       |  in |    1|   ap_fifo  |   valueBuffer_rf_V_V   |    pointer   |
|valueBuffer_rf_V_V_write        | out |    1|   ap_fifo  |   valueBuffer_rf_V_V   |    pointer   |
|metadataBuffer_rf_V_s_din       | out |  248|   ap_fifo  |  metadataBuffer_rf_V_s |    pointer   |
|metadataBuffer_rf_V_s_full_n    |  in |    1|   ap_fifo  |  metadataBuffer_rf_V_s |    pointer   |
|metadataBuffer_rf_V_s_write     | out |    1|   ap_fifo  |  metadataBuffer_rf_V_s |    pointer   |
|valueStoreDram2merge_1_dout     |  in |  256|   ap_fifo  | valueStoreDram2merge_1 |    pointer   |
|valueStoreDram2merge_1_empty_n  |  in |    1|   ap_fifo  | valueStoreDram2merge_1 |    pointer   |
|valueStoreDram2merge_1_read     | out |    1|   ap_fifo  | valueStoreDram2merge_1 |    pointer   |
+--------------------------------+-----+-----+------------+------------------------+--------------+

